     VMA      LMA     Size Align Out     In      Symbol
       0        0 80200000     1 . = 0x80200000
80200000 80200000      2a0     2 .text
80200000 80200000        e     2         /tmp/kernel-c57d9b.o:(.text.boot)
80200000 80200000        0     1                 .L0 
80200000 80200000        0     1                 .L0 
80200000 80200000        0     1                 $x
80200000 80200000        0     1                 .L0 
80200000 80200000        e     1                 boot
8020000e 8020000e        0     1                 .L0 
8020000e 8020000e        0     1                 .L0 
8020000e 8020000e       72     2         /tmp/kernel-c57d9b.o:(.text)
8020000e 8020000e        0     1                 .L0 
8020000e 8020000e        0     1                 .L0 
8020000e 8020000e        0     1                 $x
8020000e 8020000e        0     1                 .L0 
8020000e 8020000e        6     1                 sbi_call
80200012 80200012        0     1                 .L0 
80200014 80200014        0     1                 .L0 
80200014 80200014        0     1                 .L0 
80200014 80200014        0     1                 .L0 
80200014 80200014       14     1                 putchar
80200026 80200026        0     1                 .L0 
80200028 80200028        0     1                 .L0 
80200028 80200028        0     1                 .L0 
80200028 80200028        0     1                 .L0 
80200028 80200028       58     1                 kernel_main
8020002c 8020002c        0     1                 .L0 
80200042 80200042        0     1                 .L0 
80200042 80200042        0     1                 .L0 
80200054 80200054        0     1                 .L0 
80200054 80200054        0     1                 .L0 
80200068 80200068        0     1                 .L0 
80200068 80200068        0     1                 .L0 
8020007e 8020007e        0     1                 .L0 
8020007e 8020007e        0     1                 .L0 
80200080 80200080        0     1                 .L0 
80200080 80200080        0     1                 .L0 
80200080 80200080      220     2         /tmp/common-23b5b8.o:(.text)
80200080 80200080        0     1                 .L0 
80200080 80200080        0     1                 .L0 
80200080 80200080        0     1                 $x
80200080 80200080        0     1                 .L0 
80200080 80200080       16     1                 memset
80200084 80200084        0     1                 .L0 
80200084 80200084        0     1                 .L0 
80200086 80200086        0     1                 .L0 
80200086 80200086        0     1                 .L0 
80200086 80200086        0     1                 .L0 
8020008a 8020008a        0     1                 .L0 
8020008a 8020008a        0     1                 .L0 
8020008e 8020008e        0     1                 .L0 
80200090 80200090        0     1                 .L0 
80200090 80200090        0     1                 .L0 
80200094 80200094        0     1                 .L0 
80200094 80200094        0     1                 .L0 
80200094 80200094        0     1                 .L0 
80200096 80200096        0     1                 .L0 
80200096 80200096        0     1                 .L0 
80200096 80200096        0     1                 .L0 
80200096 80200096        0     1                 .L0 
80200096 80200096        0     1                 .L0 
80200096 80200096       1c     1                 memcpy
8020009a 8020009a        0     1                 .L0 
8020009a 8020009a        0     1                 .L0 
8020009c 8020009c        0     1                 .L0 
8020009c 8020009c        0     1                 .L0 
8020009c 8020009c        0     1                 .L0 
802000a0 802000a0        0     1                 .L0 
802000a2 802000a2        0     1                 .L0 
802000a6 802000a6        0     1                 .L0 
802000a6 802000a6        0     1                 .L0 
802000aa 802000aa        0     1                 .L0 
802000ac 802000ac        0     1                 .L0 
802000ac 802000ac        0     1                 .L0 
802000b0 802000b0        0     1                 .L0 
802000b0 802000b0        0     1                 .L0 
802000b0 802000b0        0     1                 .L0 
802000b2 802000b2        0     1                 .L0 
802000b2 802000b2        0     1                 .L0 
802000b2 802000b2        0     1                 .L0 
802000b2 802000b2        0     1                 .L0 
802000b2 802000b2        0     1                 .L0 
802000b2 802000b2       24     1                 strcpy
802000b8 802000b8        0     1                 .L0 
802000bc 802000bc        0     1                 .L0 
802000bc 802000bc        0     1                 .L0 
802000be 802000be        0     1                 .L0 
802000be 802000be        0     1                 .L0 
802000be 802000be        0     1                 .L0 
802000c2 802000c2        0     1                 .L0 
802000c6 802000c6        0     1                 .L0 
802000ca 802000ca        0     1                 .L0 
802000ca 802000ca        0     1                 .L0 
802000cc 802000cc        0     1                 .L0 
802000cc 802000cc        0     1                 .L0 
802000ce 802000ce        0     1                 .L0 
802000d0 802000d0        0     1                 .L0 
802000d0 802000d0        0     1                 .L0 
802000d0 802000d0        0     1                 .L0 
802000d4 802000d4        0     1                 .L0 
802000d6 802000d6        0     1                 .L0 
802000d6 802000d6        0     1                 .L0 
802000d6 802000d6        0     1                 .L0 
802000d6 802000d6        0     1                 .L0 
802000d6 802000d6        0     1                 .L0 
802000d6 802000d6       24     1                 strcmp
802000da 802000da        0     1                 .L0 
802000dc 802000dc        0     1                 .L0 
802000de 802000de        0     1                 .L0 
802000de 802000de        0     1                 .L0 
802000de 802000de        0     1                 .L0 
802000e2 802000e2        0     1                 .L0 
802000e6 802000e6        0     1                 .L0 
802000e6 802000e6        0     1                 .L0 
802000ea 802000ea        0     1                 .L0 
802000ec 802000ec        0     1                 .L0 
802000ee 802000ee        0     1                 .L0 
802000f0 802000f0        0     1                 .L0 
802000f0 802000f0        0     1                 .L0 
802000f4 802000f4        0     1                 .L0 
802000f8 802000f8        0     1                 .L0 
802000fa 802000fa        0     1                 .L0 
802000fa 802000fa        0     1                 .L0 
802000fa 802000fa        0     1                 .L0 
802000fa 802000fa        0     1                 .L0 
802000fa 802000fa        0     1                 .L0 
802000fa 802000fa      1a6     1                 printf
80200118 80200118        0     1                 .L0 
80200128 80200128        0     1                 .L0 
80200150 80200150        0     1                 .L0 
80200150 80200150        0     1                 .L0 
80200154 80200154        0     1                 .L0 
80200154 80200154        0     1                 .L0 
80200156 80200156        0     1                 .L0 
80200156 80200156        0     1                 .L0 
8020015a 8020015a        0     1                 .L0 
80200162 80200162        0     1                 .L0 
80200162 80200162        0     1                 .L0 
80200164 80200164        0     1                 .L0 
80200164 80200164        0     1                 .L0 
80200166 80200166        0     1                 .L0 
80200168 80200168        0     1                 .L0 
80200168 80200168        0     1                 .L0 
8020016c 8020016c        0     1                 .L0 
8020016e 8020016e        0     1                 .L0 
8020017e 8020017e        0     1                 .L0 
8020017e 8020017e        0     1                 .L0 
8020018a 8020018a        0     1                 .L0 
8020018a 8020018a        0     1                 .L0 
8020018e 8020018e        0     1                 .L0 
8020018e 8020018e        0     1                 .L0 
80200190 80200190        0     1                 .L0 
80200196 80200196        0     1                 .L0 
80200196 80200196        0     1                 .L0 
80200196 80200196        0     1                 .L0 
8020019e 8020019e        0     1                 .L0 
8020019e 8020019e        0     1                 .L0 
802001a8 802001a8        0     1                 .L0 
802001a8 802001a8        0     1                 .L0 
802001ac 802001ac        0     1                 .L0 
802001ac 802001ac        0     1                 .L0 
802001ae 802001ae        0     1                 .L0 
802001b2 802001b2        0     1                 .L0 
802001b4 802001b4        0     1                 .L0 
802001b4 802001b4        0     1                 .L0 
802001ba 802001ba        0     1                 .L0 
802001ba 802001ba        0     1                 .L0 
802001bc 802001bc        0     1                 .L0 
802001c0 802001c0        0     1                 .L0 
802001c2 802001c2        0     1                 .L0 
802001c2 802001c2        0     1                 .L0 
802001c8 802001c8        0     1                 .L0 
802001c8 802001c8        0     1                 .L0 
802001ca 802001ca        0     1                 .L0 
802001ce 802001ce        0     1                 .L0 
802001d0 802001d0        0     1                 .L0 
802001d0 802001d0        0     1                 .L0 
802001d6 802001d6        0     1                 .L0 
802001d6 802001d6        0     1                 .L0 
802001d8 802001d8        0     1                 .L0 
802001dc 802001dc        0     1                 .L0 
802001de 802001de        0     1                 .L0 
802001de 802001de        0     1                 .L0 
802001e4 802001e4        0     1                 .L0 
802001e4 802001e4        0     1                 .L0 
802001e6 802001e6        0     1                 .L0 
802001ea 802001ea        0     1                 .L0 
802001ec 802001ec        0     1                 .L0 
802001ec 802001ec        0     1                 .L0 
802001f2 802001f2        0     1                 .L0 
802001f2 802001f2        0     1                 .L0 
802001f4 802001f4        0     1                 .L0 
802001f8 802001f8        0     1                 .L0 
802001fa 802001fa        0     1                 .L0 
802001fa 802001fa        0     1                 .L0 
80200200 80200200        0     1                 .L0 
80200200 80200200        0     1                 .L0 
80200202 80200202        0     1                 .L0 
80200206 80200206        0     1                 .L0 
80200208 80200208        0     1                 .L0 
80200208 80200208        0     1                 .L0 
8020020a 8020020a        0     1                 .L0 
8020020a 8020020a        0     1                 .L0 
8020020c 8020020c        0     1                 .L0 
80200210 80200210        0     1                 .L0 
80200210 80200210        0     1                 .L0 
80200212 80200212        0     1                 .L0 
80200212 80200212        0     1                 .L0 
80200214 80200214        0     1                 .L0 
80200216 80200216        0     1                 .L0 
80200216 80200216        0     1                 .L0 
80200216 80200216        0     1                 .L0 
80200220 80200220        0     1                 .L0 
80200220 80200220        0     1                 .L0 
80200224 80200224        0     1                 .L0 
8020022a 8020022a        0     1                 .L0 
8020022a 8020022a        0     1                 .L0 
8020022a 8020022a        0     1                 .L0 
80200230 80200230        0     1                 .L0 
80200230 80200230        0     1                 .L0 
80200234 80200234        0     1                 .L0 
80200236 80200236        0     1                 .L0 
8020023a 8020023a        0     1                 .L0 
8020023a 8020023a        0     1                 .L0 
8020023a 8020023a        0     1                 .L0 
80200240 80200240        0     1                 .L0 
80200240 80200240        0     1                 .L0 
80200244 80200244        0     1                 .L0 
80200244 80200244        0     1                 .L0 
80200246 80200246        0     1                 .L0 
8020024a 8020024a        0     1                 .L0 
8020024a 8020024a        0     1                 .L0 
8020024c 8020024c        0     1                 .L0 
8020024c 8020024c        0     1                 .L0 
8020024c 8020024c        0     1                 .L0 
80200250 80200250        0     1                 .L0 
80200254 80200254        0     1                 .L0 
80200258 80200258        0     1                 .L0 
80200258 80200258        0     1                 .L0 
80200258 80200258        0     1                 .L0 
8020025a 8020025a        0     1                 .L0 
8020025a 8020025a        0     1                 .L0 
8020025e 8020025e        0     1                 .L0 
80200262 80200262        0     1                 .L0 
80200268 80200268        0     1                 .L0 
80200268 80200268        0     1                 .L0 
80200270 80200270        0     1                 .L0 
80200276 80200276        0     1                 .L0 
80200276 80200276        0     1                 .L0 
8020027c 8020027c        0     1                 .L0 
8020027c 8020027c        0     1                 .L0 
8020027c 8020027c        0     1                 .L0 
80200282 80200282        0     1                 .L0 
80200282 80200282        0     1                 .L0 
80200282 80200282        0     1                 .L0 
80200286 80200286        0     1                 .L0 
8020029c 8020029c        0     1                 .L0 
802002a0 802002a0        0     1                 .L0 
802002a0 802002a0        0     1                 .L0 
802002a0 802002a0       51     4 .rodata
802002a0 802002a0       51     1         <internal>:(.rodata.str1.1)
802002f4 802002f4        0     4 .bss
802002f4 802002f4        0     1         __bss = .
802002f4 802002f4        0     1         __bss_end = .
802002f4 802002f4        0     1 . = ALIGN ( 4 )
802002f4 802002f4    20000     1 . += 128 * 1024
802202f4 802202f4        0     1 __stack_top = .
       0        0      1f0     1 .debug_loclists
       0        0       3a     1         /tmp/kernel-c57d9b.o:(.debug_loclists)
       0        0        0     1                 $d
       c        c        0     1                 .L0 
      3a       3a      1b6     1         /tmp/common-23b5b8.o:(.debug_loclists)
      3a       3a        0     1                 $d
      46       46        0     1                 .L0 
       0        0      2be     1 .debug_abbrev
       0        0      191     1         /tmp/kernel-c57d9b.o:(.debug_abbrev)
       0        0        0     1                 $d
     191      191      12d     1         /tmp/common-23b5b8.o:(.debug_abbrev)
     191      191        0     1                 $d
       0        0      519     1 .debug_info
       0        0      2db     1         /tmp/kernel-c57d9b.o:(.debug_info)
       0        0        0     1                 $d
     2db      2db      23e     1         /tmp/common-23b5b8.o:(.debug_info)
     2db      2db        0     1                 $d
       0        0       33     1 .debug_rnglists
       0        0       18     1         /tmp/kernel-c57d9b.o:(.debug_rnglists)
       0        0        0     1                 $d
       c        c        0     1                 .L0 
      18       18       1b     1         /tmp/common-23b5b8.o:(.debug_rnglists)
      18       18        0     1                 $d
      24       24        0     1                 .L0 
       0        0      12c     1 .debug_str_offsets
       0        0       94     1         /tmp/kernel-c57d9b.o:(.debug_str_offsets)
       0        0        0     1                 $d
       8        8        0     1                 .L0 
      94       94       98     1         /tmp/common-23b5b8.o:(.debug_str_offsets)
      94       94        0     1                 $d
      9c       9c        0     1                 .L0 
       0        0      18b     1 .debug_str
       0        0      18b     1         <internal>:(.debug_str)
       0        0       9c     1 .debug_addr
       0        0       3c     1         /tmp/kernel-c57d9b.o:(.debug_addr)
       0        0        0     1                 $d
       8        8        0     1                 .L0 
      3c       3c       60     1         /tmp/common-23b5b8.o:(.debug_addr)
      3c       3c        0     1                 $d
      44       44        0     1                 .L0 
       0        0       29     1 .comment
       0        0       29     1         <internal>:(.comment)
       0        0       34     1 .riscv.attributes
       0        0       34     1         <internal>:(.riscv.attributes)
       0        0       e0     4 .debug_frame
       0        0       5c     4         /tmp/kernel-c57d9b.o:(.debug_frame)
       0        0        0     1                 .L0 
       0        0        0     1                 $d
      5c       5c       84     4         /tmp/common-23b5b8.o:(.debug_frame)
      5c       5c        0     1                 .L0 
      5c       5c        0     1                 $d
       0        0      4ad     1 .debug_line
       0        0       d7     1         /tmp/kernel-c57d9b.o:(.debug_line)
       0        0        0     1                 .Lline_table_start0
       0        0        0     1                 $d
      d7       d7      3d6     1         /tmp/common-23b5b8.o:(.debug_line)
      d7       d7        0     1                 .Lline_table_start0
      d7       d7        0     1                 $d
       0        0       45     1 .debug_line_str
       0        0       45     1         <internal>:(.debug_line_str)
       0        0      2c0     4 .symtab
       0        0      2c0     4         <internal>:(.symtab)
       0        0       d6     1 .shstrtab
       0        0       d6     1         <internal>:(.shstrtab)
       0        0       cb     1 .strtab
       0        0       cb     1         <internal>:(.strtab)
